<html>
<body>
<pre>
<h1>µVision Build Log</h1>
<h2>Project:</h2>
C:\Users\sarcasmisthere\Desktop\podejscie 1\Project\Project.uvproj
Project File Date:  04/13/2020

<h2>Output:</h2>
Rebuild target 'Target 1'
assembling Startup.s...
compiling led.cpp...
compiling main.cpp...
compiling stepper.cpp...
linking...
Program Size: Code=1300 RO-data=36 RW-data=4 ZI-data=1260  
FromELF: creating hex file...
".\Project.axf" - 0 Error(s), 0 Warning(s).
Stepper" has no member "On"
                Stepper::On(Stepper::LedCtr);
stepper.cpp(28): error:  #135: class "Stepper" has no member "On"
        Stepper::On(ucLedInitPosition);
stepper.cpp: 0 warnings, 3 errors
".\Project.axf" - 3 Error(s), 0 Warning(s).
Target not created
