<html>
<body>
<pre>
<h1>µVision Build Log</h1>
<h2>Project:</h2>
C:\Users\sarcasmisthere\Desktop\KrzysztofBolek\Project.uvproj
Project File Date:  03/01/2020

<h2>Output:</h2>
Rebuild target 'Target 1'
assembling Startup.s...
compiling led.cpp...
compiling main.cpp...
compiling stepper.cpp...
linking...
Program Size: Code=1208 RO-data=32 RW-data=4 ZI-data=1260  
FromELF: creating hex file...
".\Project.axf" - 0 Error(s), 0 Warning(s).
</pre>
</body>
</html>
and 1 error messages.
".\Project.axf" - 1 Error(s), 0 Warning(s).
Target not created
r messages.
".\Project.axf" - 2 Error(s), 0 Warning(s).
Target not created
