<html>
<body>
<pre>
<h1>µVision Build Log</h1>
<h2>Project:</h2>
C:\Users\sarcasmisthere\Desktop\mtmppo\mtm_ppo\5\Project.uvproj
Project File Date:  04/13/2020

<h2>Output:</h2>
Rebuild target 'Target 1'
assembling Startup.s...
compiling led.cpp...
compiling main.cpp...
compiling stepper.cpp...
linking...
Program Size: Code=1260 RO-data=36 RW-data=4 ZI-data=1260  
FromELF: creating hex file...
".\Project.axf" - 0 Error(s), 0 Warning(s).
</pre>
</body>
</html>
clared at line 7 of "led.h") is inaccessible
                Stepper::On(Stepper::LedCtr);
stepper.cpp: 0 warnings, 2 errors
".\Project.axf" - 2 Error(s), 0 Warning(s).
Target not created
g(s).
Target not created
