<html>
<body>
<pre>
<h1>µVision Build Log</h1>
<h2>Project:</h2>
C:\Users\sarcasmisthere\Desktop\KrzysztofBolek\Project.uvproj
Project File Date:  03/01/2020

<h2>Output:</h2>
Rebuild target 'Target 1'
assembling Startup.s...
compiling led.cpp...
compiling main.cpp...
linking...
Program Size: Code=1160 RO-data=16 RW-data=0 ZI-data=1256  
FromELF: creating hex file...
".\Project.axf" - 0 Error(s), 0 Warning(s).
</pre>
</body>
</html>
le ends without a newline
  #endif
Sources\main.cpp(17): error:  #20: identifier "LedInit" is undefined
        LedInit();
Sources\main.cpp(21): error:  #20: identifier "LedStepLeft" is undefined
                LedStepLeft();
Sources\main.cpp: 1 warning, 2 errors
".\Project.axf" - 2 Error(s), 2 Warning(s).
Target not created
